(base) a7cb@MacNodi Github % mkdir My-repo
(base) a7cb@MacNodi Github % cd My-repo/ 
(base) a7cb@MacNodi My-repo % git init
Initialized empty Git repository in /Users/a7cb/Documents/Udacity/Github/My-repo/.git/
(base) a7cb@MacNodi My-repo % git status
On branch main

No commits yet

Untracked files:
  (use "git add <file>..." to include in what will be committed)
	.DS_Store
	Github link
	README.md
	bikeshare.py

nothing added to commit but untracked files present (use "git add" to track)
(base) a7cb@MacNodi My-repo % git add README.md      
(base) a7cb@MacNodi My-repo % git status
On branch main

No commits yet

Changes to be committed:
  (use "git rm --cached <file>..." to unstage)
	new file:   README.md

Untracked files:
  (use "git add <file>..." to include in what will be committed)
	.DS_Store
	Github link
	bikeshare.py

(base) a7cb@MacNodi My-repo % git add .DS_Store 
(base) a7cb@MacNodi My-repo % git add Github\ link 
(base) a7cb@MacNodi My-repo % git add bikeshare.py 
(base) a7cb@MacNodi My-repo % git status
On branch main

No commits yet

Changes to be committed:
  (use "git rm --cached <file>..." to unstage)
	new file:   .DS_Store
	new file:   Github link
	new file:   README.md
	new file:   bikeshare.py

(base) a7cb@MacNodi My-repo % git commit -m "Commit message"

[main (root-commit) 55f43a3] Commit message
 Committer: Ahmad Amoudi <a7cb@MacNodi.local>
Your name and email address were configured automatically based
on your username and hostname. Please check that they are accurate.
You can suppress this message by setting them explicitly. Run the
following command and follow the instructions in your editor to edit
your configuration file:

    git config --global --edit

After doing this, you may fix the identity used for this commit with:

    git commit --amend --reset-author

 4 files changed, 212 insertions(+)
 create mode 100644 .DS_Store
 create mode 100644 Github link
 create mode 100644 README.md
 create mode 100644 bikeshare.py
(base) a7cb@MacNodi My-repo % https://github.com/ahmadamodi/Explore-US-Bikeshare-Data.git
zsh: no such file or directory: https://github.com/ahmadamodi/Explore-US-Bikeshare-Data.git
(base) a7cb@MacNodi My-repo % get remote add origin https://github.com/ahmadamodi/Explore-US-Bikeshare-Data.git
zsh: command not found: get
(base) a7cb@MacNodi My-repo % git remote add origin https://github.com/ahmadamodi/Explore-US-Bikeshare-Data.git
(base) a7cb@MacNodi My-repo % git push -u origin master